<html>
<body>
<pre>
<h1>µVision Build Log</h1>
<h2>Tool Versions:</h2>
IDE-Version: µVision V5.38.0.0
Copyright (C) 2022 ARM Ltd and ARM Germany GmbH. All rights reserved.
License Information: Thuan Huynh, hthuan02, LIC=76F5U-SLT7I-SB1EJ-UYX3U-XFR8D-7JIK3
 
Tool Versions:
Toolchain:       MDK-ARM Plus  Version: 5.38.0.0
Toolchain Path:  F:\Keil-C\[Phanmem123.com] Keil C µVision 5 ARM MDK538a\ARM\ARMCLANG\Bin
C Compiler:      ArmClang.exe V6.19
Assembler:       Armasm.exe V6.19
Linker/Locator:  ArmLink.exe V6.19
Library Manager: ArmAr.exe V6.19
Hex Converter:   FromElf.exe V6.19
CPU DLL:         SARMCM3.DLL V5.38.0.0
Dialog DLL:      DCM.DLL V1.17.5.0
Target DLL:      UL2CM3.DLL V1.164.8.0
Dialog DLL:      TCM.DLL V1.56.4.0
 
<h2>Project:</h2>
F:\AUTOSAR\Embedded Automotive\Bai1_Setup - KeilC\Ex2_Button - Register\button.uvprojx
Project File Date:  11/07/2024

<h2>Output:</h2>
*** Using Compiler 'V6.19', folder: 'F:\Keil-C\[Phanmem123.com] Keil C µVision 5 ARM MDK538a\ARM\ARMCLANG\Bin'
Build target 'Target 1'
assembling startup_stm32f10x_md.s...
RTE/Device/STM32F103C8/system_stm32f10x.c(64): warning: In file included from...
F:/Keil-C/Keil/STM32F1xx_DFP/2.4.1/Device/Include\stm32f10x.h(18): warning: invalid UTF-8 in comment [-Winvalid-utf8]
  *              - To use or not the peripheral<92>s drivers in application code(i.e. 
                                               ^
F:/Keil-C/Keil/STM32F1xx_DFP/2.4.1/Device/Include\stm32f10x.h(19): warning: invalid UTF-8 in comment [-Winvalid-utf8]
  *                code will be based on direct access to peripheral<92>s registers 
                                                                    ^
F:/Keil-C/Keil/STM32F1xx_DFP/2.4.1/Device/Include\stm32f10x.h(26): warning: invalid UTF-8 in comment [-Winvalid-utf8]
  *           - Macros to access peripheral<92>s registers hardware
                                           ^
RTE/Device/STM32F103C8/system_stm32f10x.c(166): warning: no previous extern declaration for non-static variable 'AHBPrescTable' [-Wmissing-variable-declarations]
__I uint8_t AHBPrescTable[16] = {0, 0, 0, 0, 0, 0, 0, 0, 1, 2, 3, 4, 6, 7, 8, 9};
            ^
RTE/Device/STM32F103C8/system_stm32f10x.c(166): note: declare 'static' if the variable is not intended to be used outside of this translation unit
__I uint8_t AHBPrescTable[16] = {0, 0, 0, 0, 0, 0, 0, 0, 1, 2, 3, 4, 6, 7, 8, 9};
    ^
4 warnings generated.
compiling system_stm32f10x.c...
main.c(6): warning: In file included from...
F:/Keil-C/Keil/STM32F1xx_DFP/2.4.1/Device/Include\stm32f10x.h(18): warning: invalid UTF-8 in comment [-Winvalid-utf8]
  *              - To use or not the peripheral<92>s drivers in application code(i.e. 
                                               ^
F:/Keil-C/Keil/STM32F1xx_DFP/2.4.1/Device/Include\stm32f10x.h(19): warning: invalid UTF-8 in comment [-Winvalid-utf8]
  *                code will be based on direct access to peripheral<92>s registers 
                                                                    ^
F:/Keil-C/Keil/STM32F1xx_DFP/2.4.1/Device/Include\stm32f10x.h(26): warning: invalid UTF-8 in comment [-Winvalid-utf8]
  *           - Macros to access peripheral<92>s registers hardware
                                           ^
main.c(12): warning: variable declaration in for loop is a C99-specific feature [-Wc99-extensions]
    for (int i = 0; i < timedelay; i++) {}
         ^
main.c(12): warning: GCC does not allow variable declarations in for loop initializers before C99 [-Wgcc-compat]
main.c(11): warning: no previous prototype for function 'delay' [-Wmissing-prototypes]
void delay(__IO uint32_t timedelay) { 
     ^
main.c(11): note: declare 'static' if the function is not intended to be used outside of this translation unit
void delay(__IO uint32_t timedelay) { 
^
static 
main.c(12): warning: comparison of integers of different signs: 'int' and 'volatile uint32_t' (aka 'volatile unsigned int') [-Wsign-compare]
    for (int i = 0; i < timedelay; i++) {}
                    ~ ^ ~~~~~~~~~
main.c(15): warning: a function declaration without a prototype is deprecated in all versions of C [-Wstrict-prototypes]
void RCC_Config() {
               ^
                void
main.c(16): warning: // comments are not allowed in this language [-Wcomment]
    RCC->APB2ENR |= RCC_APB2ENR_IOPAEN | RCC_APB2ENR_IOPCEN; // Kich hoat xung clock cho GPIOA & GPIOC
                                                             ^
main.c(15): warning: no previous prototype for function 'RCC_Config' [-Wmissing-prototypes]
void RCC_Config() {
     ^
main.c(15): note: declare 'static' if the function is not intended to be used outside of this translation unit
void RCC_Config() {
^
static 
main.c(19): warning: a function declaration without a prototype is deprecated in all versions of C [-Wstrict-prototypes]
void GPIO_Config() {
                ^
                 void
main.c(19): warning: no previous prototype for function 'GPIO_Config' [-Wmissing-prototypes]
void GPIO_Config() {
     ^
main.c(19): note: declare 'static' if the function is not intended to be used outside of this translation unit
void GPIO_Config() {
^
static 
main.c(36): warning: no previous prototype for function 'WritePin' [-Wmissing-prototypes]
void WritePin(GPIO_TypeDef *GPIO_Port, uint8_t Pin, uint8_t state) {
     ^
main.c(36): note: declare 'static' if the function is not intended to be used outside of this translation unit
void WritePin(GPIO_TypeDef *GPIO_Port, uint8_t Pin, uint8_t state) {
^
static 
main.c(44): warning: a function declaration without a prototype is deprecated in all versions of C [-Wstrict-prototypes]
int main() {
        ^
         void
main.c(55): warning: no newline at end of file [-Wnewline-eof]
}
 ^
15 warnings generated.
compiling main.c...
linking...
Program Size: Code=984 RO-data=252 RW-data=0 ZI-data=1632  
".\Objects\button.axf" - 0 Error(s), 19 Warning(s).

<h2>Software Packages used:</h2>

Package Vendor: ARM
                http://www.keil.com/pack/ARM.CMSIS.5.9.0.pack
                ARM.CMSIS.5.9.0
                CMSIS (Common Microcontroller Software Interface Standard)
   * Component: CORE Version: 5.6.0

Package Vendor: Keil
                https://www.keil.com/pack/Keil.STM32F1xx_DFP.2.4.1.pack
                Keil.STM32F1xx_DFP.2.4.1
                STMicroelectronics STM32F1 Series Device Support, Drivers and Examples
   * Component: Startup Version: 1.0.0

<h2>Collection of Component include folders:</h2>
  ./RTE/Device/STM32F103C8
  ./RTE/_Target_1
  F:/Keil-C/ARM/CMSIS/5.9.0/CMSIS/Core/Include
  F:/Keil-C/Keil/STM32F1xx_DFP/2.4.1/Device/Include

<h2>Collection of Component Files used:</h2>

   * Component: ARM::CMSIS:CORE:5.6.0

   * Component: Keil::Device:Startup:1.0.0
      Source file:   Device/Source/ARM/startup_stm32f10x_md.s
      Include file:  RTE_Driver/Config/RTE_Device.h
      Source file:   Device/Source/ARM/STM32F1xx_OPT.s
      Source file:   Device/Source/system_stm32f10x.c
Build Time Elapsed:  00:00:01
</pre>
</body>
</html>
