<html>
<body>
<pre>
<h1>µVision Build Log</h1>
<h2>Tool Versions:</h2>
IDE-Version: µVision V5.38.0.0
Copyright (C) 2022 ARM Ltd and ARM Germany GmbH. All rights reserved.
License Information: Thuan Huynh, hthuan02, LIC=76F5U-SLT7I-SB1EJ-UYX3U-XFR8D-7JIK3
 
Tool Versions:
Toolchain:       MDK-ARM Plus  Version: 5.38.0.0
Toolchain Path:  F:\Keil-C\[Phanmem123.com] Keil C µVision 5 ARM MDK538a\ARM\ARMCLANG\Bin
C Compiler:      ArmClang.exe V6.19
Assembler:       Armasm.exe V6.19
Linker/Locator:  ArmLink.exe V6.19
Library Manager: ArmAr.exe V6.19
Hex Converter:   FromElf.exe V6.19
CPU DLL:         SARMCM3.DLL V5.38.0.0
Dialog DLL:      DCM.DLL V1.17.5.0
Target DLL:      STLink\ST-LINKIII-KEIL_SWO.dll V3.1.0.0
Dialog DLL:      TCM.DLL V1.56.4.0
 
<h2>Project:</h2>
F:\AUTOSAR\Embedded Automotive\Bai2_GPIO\Ex2-NhayDuoi-SPL\NhayDuoiLED.uvprojx
Project File Date:  10/27/2024

<h2>Output:</h2>
*** Using Compiler 'V6.19', folder: 'F:\Keil-C\[Phanmem123.com] Keil C µVision 5 ARM MDK538a\ARM\ARMCLANG\Bin'
Build target 'Target 1'
main.c(6): warning: GCC does not allow variable declarations in for loop initializers before C99 [-Wgcc-compat]
        for (int i = 0; i < timedelay; i++){}
             ^
main.c(12): warning: GCC does not allow variable declarations in for loop initializers before C99 [-Wgcc-compat]
        for(int j = 0; j < loop; j++)
            ^
main.c(15): warning: GCC does not allow variable declarations in for loop initializers before C99 [-Wgcc-compat]
                for(int i = 0; i < 4; i++)
                    ^
3 warnings generated.
compiling main.c...
linking...
Program Size: Code=1412 RO-data=252 RW-data=0 ZI-data=1632  
".\Objects\NhayDuoiLED.axf" - 0 Error(s), 3 Warning(s).

<h2>Software Packages used:</h2>

Package Vendor: ARM
                http://www.keil.com/pack/ARM.CMSIS.5.9.0.pack
                ARM.CMSIS.5.9.0
                CMSIS (Common Microcontroller Software Interface Standard)
   * Component: CORE Version: 5.6.0

Package Vendor: Keil
                https://www.keil.com/pack/Keil.STM32F1xx_DFP.2.4.1.pack
                Keil.STM32F1xx_DFP.2.4.1
                STMicroelectronics STM32F1 Series Device Support, Drivers and Examples
   * Component: Startup Version: 1.0.0
   * Component: Framework Version: 3.6.0
   * Component: GPIO Version: 3.6.0
   * Component: RCC Version: 3.6.0

<h2>Collection of Component include folders:</h2>
  ./RTE/Device/STM32F103C8
  ./RTE/_Target_1
  F:/Keil-C/ARM/CMSIS/5.9.0/CMSIS/Core/Include
  F:/Keil-C/Keil/STM32F1xx_DFP/2.4.1/Device/Include
  F:/Keil-C/Keil/STM32F1xx_DFP/2.4.1/Device/StdPeriph_Driver/inc

<h2>Collection of Component Files used:</h2>

   * Component: ARM::CMSIS:CORE:5.6.0

   * Component: Keil::Device:Startup:1.0.0
      Source file:   Device/Source/ARM/STM32F1xx_OPT.s
      Source file:   Device/Source/ARM/startup_stm32f10x_md.s
      Source file:   Device/Source/system_stm32f10x.c
      Include file:  RTE_Driver/Config/RTE_Device.h

   * Component: Keil::Device:StdPeriph Drivers:Framework:3.6.0
      Source file:   Device/StdPeriph_Driver/templates/stm32f10x_conf.h
      Include file:  Device/StdPeriph_Driver/templates/stm32f10x_it.h
      Source file:   Device/StdPeriph_Driver/templates/stm32f10x_it.c
      Include file:  Device/StdPeriph_Driver/inc/misc.h
      Source file:   Device/StdPeriph_Driver/src/misc.c

   * Component: Keil::Device:StdPeriph Drivers:GPIO:3.6.0
      Include file:  Device/StdPeriph_Driver/inc/stm32f10x_gpio.h
      Source file:   Device/StdPeriph_Driver/src/stm32f10x_gpio.c

   * Component: Keil::Device:StdPeriph Drivers:RCC:3.6.0
      Include file:  Device/StdPeriph_Driver/inc/stm32f10x_rcc.h
      Source file:   Device/StdPeriph_Driver/src/stm32f10x_rcc.c
Build Time Elapsed:  00:00:01
</pre>
</body>
</html>
